\set ECHO 0
 exec 
------
 
 
 
 
 
 
(6 rows)

 create_casts 
--------------
 
(1 row)

1..440
ok 1 - cast to text
ok 2 - Check equality
ok 3 - Check NULL
ok 4 -  '( smallint , -1 )'::variant.variant::smallint  = -1::smallint
ok 5 -  '( integer , -1 )'::variant.variant::integer  = -1::integer
ok 6 -  '( bigint , -1 )'::variant.variant::bigint  = -1::bigint
ok 7 -  '( double precision , -1.1 )'::variant.variant::double precision  = -1.1::double precision
ok 8 -  '( real , -1.1 )'::variant.variant::real  = -1.1::real
ok 9 -  '( numeric , -1.1 )'::variant.variant::numeric  = -1.1::numeric
ok 10 -  '( smallint , 0 )'::variant.variant::smallint  = 0::smallint
ok 11 -  '( integer , 0 )'::variant.variant::integer  = 0::integer
ok 12 -  '( bigint , 0 )'::variant.variant::bigint  = 0::bigint
ok 13 -  '( double precision , 0.0 )'::variant.variant::double precision  = 0.0::double precision
ok 14 -  '( real , 0.0 )'::variant.variant::real  = 0.0::real
ok 15 -  '( numeric , 0.0 )'::variant.variant::numeric  = 0.0::numeric
ok 16 -  '( smallint , 1 )'::variant.variant::smallint  = 1::smallint
ok 17 -  '( integer , 1 )'::variant.variant::integer  = 1::integer
ok 18 -  '( bigint , 1 )'::variant.variant::bigint  = 1::bigint
ok 19 -  '( double precision , 1.1 )'::variant.variant::double precision  = 1.1::double precision
ok 20 -  '( real , 1.1 )'::variant.variant::real  = 1.1::real
ok 21 -  '( numeric , 1.1 )'::variant.variant::numeric  = 1.1::numeric
ok 22 - variant.text_in()
ok 23 - variant.text_out()
ok 24 - valid variant(DEFAULT)
ok 25 - Register variant
ok 26 - test variant correctly added
ok 27 - (int,)::int = NULL
ok 28 - (int,1)::int != NULL
ok 29 - (int,)::int = NULL is NULL
ok 30 - (int,1)::int != NULL is NULL
ok 31 - NULL <   NULL
ok 32 - NULL <=  NULL
ok 33 - NULL  =  NULL
ok 34 - NULL  >= NULL
ok 35 - NULL   > NULL
ok 36 - NULL !=  NULL
ok 37 - '(smallint,-1)' <   '(bigint,0) '
ok 38 - '(smallint,-1)' <=  '(bigint,0) '
ok 39 - '(smallint,-1)'  =  '(bigint,0) '
ok 40 - '(smallint,-1)'  >= '(bigint,0) '
ok 41 - '(smallint,-1)'   > '(bigint,0) '
ok 42 - '(smallint,-1)' !=  '(bigint,0) '
ok 43 - '(smallint,0) ' <   '(integer,0)'
ok 44 - '(smallint,0) ' <=  '(integer,0)'
ok 45 - '(smallint,0) '  =  '(integer,0)'
ok 46 - '(smallint,0) '  >= '(integer,0)'
ok 47 - '(smallint,0) '   > '(integer,0)'
ok 48 - '(smallint,0) ' !=  '(integer,0)'
ok 49 - '(bigint,1)   ' <   '(integer,0)'
ok 50 - '(bigint,1)   ' <=  '(integer,0)'
ok 51 - '(bigint,1)   '  =  '(integer,0)'
ok 52 - '(bigint,1)   '  >= '(integer,0)'
ok 53 - '(bigint,1)   '   > '(integer,0)'
ok 54 - '(bigint,1)   ' !=  '(integer,0)'
ok 55 - '(smallint,)  ' <   '(bigint,0) '
ok 56 - '(smallint,)  ' <=  '(bigint,0) '
ok 57 - '(smallint,)  '  =  '(bigint,0) '
ok 58 - '(smallint,)  '  >= '(bigint,0) '
ok 59 - '(smallint,)  '   > '(bigint,0) '
ok 60 - '(smallint,)  ' !=  '(bigint,0) '
ok 61 - '(smallint,)  ' <   '(integer,0)'
ok 62 - '(smallint,)  ' <=  '(integer,0)'
ok 63 - '(smallint,)  '  =  '(integer,0)'
ok 64 - '(smallint,)  '  >= '(integer,0)'
ok 65 - '(smallint,)  '   > '(integer,0)'
ok 66 - '(smallint,)  ' !=  '(integer,0)'
ok 67 - '(bigint,)    ' <   '(integer,0)'
ok 68 - '(bigint,)    ' <=  '(integer,0)'
ok 69 - '(bigint,)    '  =  '(integer,0)'
ok 70 - '(bigint,)    '  >= '(integer,0)'
ok 71 - '(bigint,)    '   > '(integer,0)'
ok 72 - '(bigint,)    ' !=  '(integer,0)'
ok 73 - '(smallint,-1)' <   '(bigint,)  '
ok 74 - '(smallint,-1)' <=  '(bigint,)  '
ok 75 - '(smallint,-1)'  =  '(bigint,)  '
ok 76 - '(smallint,-1)'  >= '(bigint,)  '
ok 77 - '(smallint,-1)'   > '(bigint,)  '
ok 78 - '(smallint,-1)' !=  '(bigint,)  '
ok 79 - '(smallint,0) ' <   '(integer,) '
ok 80 - '(smallint,0) ' <=  '(integer,) '
ok 81 - '(smallint,0) '  =  '(integer,) '
ok 82 - '(smallint,0) '  >= '(integer,) '
ok 83 - '(smallint,0) '   > '(integer,) '
ok 84 - '(smallint,0) ' !=  '(integer,) '
ok 85 - '(bigint,1)   ' <   '(integer,) '
ok 86 - '(bigint,1)   ' <=  '(integer,) '
ok 87 - '(bigint,1)   '  =  '(integer,) '
ok 88 - '(bigint,1)   '  >= '(integer,) '
ok 89 - '(bigint,1)   '   > '(integer,) '
ok 90 - '(bigint,1)   ' !=  '(integer,) '
ok 91 - '(smallint,)  ' <   '(bigint,)  '
ok 92 - '(smallint,)  ' <=  '(bigint,)  '
ok 93 - '(smallint,)  '  =  '(bigint,)  '
ok 94 - '(smallint,)  '  >= '(bigint,)  '
ok 95 - '(smallint,)  '   > '(bigint,)  '
ok 96 - '(smallint,)  ' !=  '(bigint,)  '
ok 97 - '(smallint,)  ' <   '(integer,) '
ok 98 - '(smallint,)  ' <=  '(integer,) '
ok 99 - '(smallint,)  '  =  '(integer,) '
ok 100 - '(smallint,)  '  >= '(integer,) '
ok 101 - '(smallint,)  '   > '(integer,) '
ok 102 - '(smallint,)  ' !=  '(integer,) '
ok 103 - '(bigint,)    ' <   '(integer,) '
ok 104 - '(bigint,)    ' <=  '(integer,) '
ok 105 - '(bigint,)    '  =  '(integer,) '
ok 106 - '(bigint,)    '  >= '(integer,) '
ok 107 - '(bigint,)    '   > '(integer,) '
ok 108 - '(bigint,)    ' !=  '(integer,) '
ok 109 - '(smallint[],"{0,1,1}")        '::numeric[] <   '(smallint[],"{0,0,1}")           '::numeric[]
ok 110 - '(smallint[],"{0,1,1}")        '::numeric[] <=  '(smallint[],"{0,0,1}")           '::numeric[]
ok 111 - '(smallint[],"{0,1,1}")        '::numeric[]  =  '(smallint[],"{0,0,1}")           '::numeric[]
ok 112 - '(smallint[],"{0,1,1}")        '::numeric[]  >= '(smallint[],"{0,0,1}")           '::numeric[]
ok 113 - '(smallint[],"{0,1,1}")        '::numeric[]   > '(smallint[],"{0,0,1}")           '::numeric[]
ok 114 - '(smallint[],"{0,1,1}")        '::numeric[] !=  '(smallint[],"{0,0,1}")           '::numeric[]
ok 115 - '(integer[],"{0,1,1}")         '::numeric[] <   '(integer[],"{0,0,1}")            '::numeric[]
ok 116 - '(integer[],"{0,1,1}")         '::numeric[] <=  '(integer[],"{0,0,1}")            '::numeric[]
ok 117 - '(integer[],"{0,1,1}")         '::numeric[]  =  '(integer[],"{0,0,1}")            '::numeric[]
ok 118 - '(integer[],"{0,1,1}")         '::numeric[]  >= '(integer[],"{0,0,1}")            '::numeric[]
ok 119 - '(integer[],"{0,1,1}")         '::numeric[]   > '(integer[],"{0,0,1}")            '::numeric[]
ok 120 - '(integer[],"{0,1,1}")         '::numeric[] !=  '(integer[],"{0,0,1}")            '::numeric[]
ok 121 - '(bigint[],"{0,1,1}")          '::numeric[] <   '(bigint[],"{0,0,1}")             '::numeric[]
ok 122 - '(bigint[],"{0,1,1}")          '::numeric[] <=  '(bigint[],"{0,0,1}")             '::numeric[]
ok 123 - '(bigint[],"{0,1,1}")          '::numeric[]  =  '(bigint[],"{0,0,1}")             '::numeric[]
ok 124 - '(bigint[],"{0,1,1}")          '::numeric[]  >= '(bigint[],"{0,0,1}")             '::numeric[]
ok 125 - '(bigint[],"{0,1,1}")          '::numeric[]   > '(bigint[],"{0,0,1}")             '::numeric[]
ok 126 - '(bigint[],"{0,1,1}")          '::numeric[] !=  '(bigint[],"{0,0,1}")             '::numeric[]
ok 127 - '(double precision[],"{0,1,1}")'::numeric[] <   '(double precision[],"{0,0,1}")   '::numeric[]
ok 128 - '(double precision[],"{0,1,1}")'::numeric[] <=  '(double precision[],"{0,0,1}")   '::numeric[]
ok 129 - '(double precision[],"{0,1,1}")'::numeric[]  =  '(double precision[],"{0,0,1}")   '::numeric[]
ok 130 - '(double precision[],"{0,1,1}")'::numeric[]  >= '(double precision[],"{0,0,1}")   '::numeric[]
ok 131 - '(double precision[],"{0,1,1}")'::numeric[]   > '(double precision[],"{0,0,1}")   '::numeric[]
ok 132 - '(double precision[],"{0,1,1}")'::numeric[] !=  '(double precision[],"{0,0,1}")   '::numeric[]
ok 133 - '(real[],"{0,1,1}")            '::numeric[] <   '(real[],"{0,0,1}")               '::numeric[]
ok 134 - '(real[],"{0,1,1}")            '::numeric[] <=  '(real[],"{0,0,1}")               '::numeric[]
ok 135 - '(real[],"{0,1,1}")            '::numeric[]  =  '(real[],"{0,0,1}")               '::numeric[]
ok 136 - '(real[],"{0,1,1}")            '::numeric[]  >= '(real[],"{0,0,1}")               '::numeric[]
ok 137 - '(real[],"{0,1,1}")            '::numeric[]   > '(real[],"{0,0,1}")               '::numeric[]
ok 138 - '(real[],"{0,1,1}")            '::numeric[] !=  '(real[],"{0,0,1}")               '::numeric[]
ok 139 - '(numeric[],"{0,1,1}")         '::numeric[] <   '(numeric[],"{0,0,1}")            '::numeric[]
ok 140 - '(numeric[],"{0,1,1}")         '::numeric[] <=  '(numeric[],"{0,0,1}")            '::numeric[]
ok 141 - '(numeric[],"{0,1,1}")         '::numeric[]  =  '(numeric[],"{0,0,1}")            '::numeric[]
ok 142 - '(numeric[],"{0,1,1}")         '::numeric[]  >= '(numeric[],"{0,0,1}")            '::numeric[]
ok 143 - '(numeric[],"{0,1,1}")         '::numeric[]   > '(numeric[],"{0,0,1}")            '::numeric[]
ok 144 - '(numeric[],"{0,1,1}")         '::numeric[] !=  '(numeric[],"{0,0,1}")            '::numeric[]
ok 145 - '(smallint[],"{0,1,1}")        '::numeric[] <   '(smallint[],"{0,1,1}")           '::numeric[]
ok 146 - '(smallint[],"{0,1,1}")        '::numeric[] <=  '(smallint[],"{0,1,1}")           '::numeric[]
ok 147 - '(smallint[],"{0,1,1}")        '::numeric[]  =  '(smallint[],"{0,1,1}")           '::numeric[]
ok 148 - '(smallint[],"{0,1,1}")        '::numeric[]  >= '(smallint[],"{0,1,1}")           '::numeric[]
ok 149 - '(smallint[],"{0,1,1}")        '::numeric[]   > '(smallint[],"{0,1,1}")           '::numeric[]
ok 150 - '(smallint[],"{0,1,1}")        '::numeric[] !=  '(smallint[],"{0,1,1}")           '::numeric[]
ok 151 - '(integer[],"{0,1,1}")         '::numeric[] <   '(integer[],"{0,1,1}")            '::numeric[]
ok 152 - '(integer[],"{0,1,1}")         '::numeric[] <=  '(integer[],"{0,1,1}")            '::numeric[]
ok 153 - '(integer[],"{0,1,1}")         '::numeric[]  =  '(integer[],"{0,1,1}")            '::numeric[]
ok 154 - '(integer[],"{0,1,1}")         '::numeric[]  >= '(integer[],"{0,1,1}")            '::numeric[]
ok 155 - '(integer[],"{0,1,1}")         '::numeric[]   > '(integer[],"{0,1,1}")            '::numeric[]
ok 156 - '(integer[],"{0,1,1}")         '::numeric[] !=  '(integer[],"{0,1,1}")            '::numeric[]
ok 157 - '(bigint[],"{0,1,1}")          '::numeric[] <   '(bigint[],"{0,1,1}")             '::numeric[]
ok 158 - '(bigint[],"{0,1,1}")          '::numeric[] <=  '(bigint[],"{0,1,1}")             '::numeric[]
ok 159 - '(bigint[],"{0,1,1}")          '::numeric[]  =  '(bigint[],"{0,1,1}")             '::numeric[]
ok 160 - '(bigint[],"{0,1,1}")          '::numeric[]  >= '(bigint[],"{0,1,1}")             '::numeric[]
ok 161 - '(bigint[],"{0,1,1}")          '::numeric[]   > '(bigint[],"{0,1,1}")             '::numeric[]
ok 162 - '(bigint[],"{0,1,1}")          '::numeric[] !=  '(bigint[],"{0,1,1}")             '::numeric[]
ok 163 - '(double precision[],"{0,1,1}")'::numeric[] <   '(double precision[],"{0,1,1}")   '::numeric[]
ok 164 - '(double precision[],"{0,1,1}")'::numeric[] <=  '(double precision[],"{0,1,1}")   '::numeric[]
ok 165 - '(double precision[],"{0,1,1}")'::numeric[]  =  '(double precision[],"{0,1,1}")   '::numeric[]
ok 166 - '(double precision[],"{0,1,1}")'::numeric[]  >= '(double precision[],"{0,1,1}")   '::numeric[]
ok 167 - '(double precision[],"{0,1,1}")'::numeric[]   > '(double precision[],"{0,1,1}")   '::numeric[]
ok 168 - '(double precision[],"{0,1,1}")'::numeric[] !=  '(double precision[],"{0,1,1}")   '::numeric[]
ok 169 - '(real[],"{0,1,1}")            '::numeric[] <   '(real[],"{0,1,1}")               '::numeric[]
ok 170 - '(real[],"{0,1,1}")            '::numeric[] <=  '(real[],"{0,1,1}")               '::numeric[]
ok 171 - '(real[],"{0,1,1}")            '::numeric[]  =  '(real[],"{0,1,1}")               '::numeric[]
ok 172 - '(real[],"{0,1,1}")            '::numeric[]  >= '(real[],"{0,1,1}")               '::numeric[]
ok 173 - '(real[],"{0,1,1}")            '::numeric[]   > '(real[],"{0,1,1}")               '::numeric[]
ok 174 - '(real[],"{0,1,1}")            '::numeric[] !=  '(real[],"{0,1,1}")               '::numeric[]
ok 175 - '(numeric[],"{0,1,1}")         '::numeric[] <   '(numeric[],"{0,1,1}")            '::numeric[]
ok 176 - '(numeric[],"{0,1,1}")         '::numeric[] <=  '(numeric[],"{0,1,1}")            '::numeric[]
ok 177 - '(numeric[],"{0,1,1}")         '::numeric[]  =  '(numeric[],"{0,1,1}")            '::numeric[]
ok 178 - '(numeric[],"{0,1,1}")         '::numeric[]  >= '(numeric[],"{0,1,1}")            '::numeric[]
ok 179 - '(numeric[],"{0,1,1}")         '::numeric[]   > '(numeric[],"{0,1,1}")            '::numeric[]
ok 180 - '(numeric[],"{0,1,1}")         '::numeric[] !=  '(numeric[],"{0,1,1}")            '::numeric[]
ok 181 - '(smallint[],"{0,1,1}")        '::numeric[] <   '(smallint[],"{0,2,1}")           '::numeric[]
ok 182 - '(smallint[],"{0,1,1}")        '::numeric[] <=  '(smallint[],"{0,2,1}")           '::numeric[]
ok 183 - '(smallint[],"{0,1,1}")        '::numeric[]  =  '(smallint[],"{0,2,1}")           '::numeric[]
ok 184 - '(smallint[],"{0,1,1}")        '::numeric[]  >= '(smallint[],"{0,2,1}")           '::numeric[]
ok 185 - '(smallint[],"{0,1,1}")        '::numeric[]   > '(smallint[],"{0,2,1}")           '::numeric[]
ok 186 - '(smallint[],"{0,1,1}")        '::numeric[] !=  '(smallint[],"{0,2,1}")           '::numeric[]
ok 187 - '(integer[],"{0,1,1}")         '::numeric[] <   '(integer[],"{0,2,1}")            '::numeric[]
ok 188 - '(integer[],"{0,1,1}")         '::numeric[] <=  '(integer[],"{0,2,1}")            '::numeric[]
ok 189 - '(integer[],"{0,1,1}")         '::numeric[]  =  '(integer[],"{0,2,1}")            '::numeric[]
ok 190 - '(integer[],"{0,1,1}")         '::numeric[]  >= '(integer[],"{0,2,1}")            '::numeric[]
ok 191 - '(integer[],"{0,1,1}")         '::numeric[]   > '(integer[],"{0,2,1}")            '::numeric[]
ok 192 - '(integer[],"{0,1,1}")         '::numeric[] !=  '(integer[],"{0,2,1}")            '::numeric[]
ok 193 - '(bigint[],"{0,1,1}")          '::numeric[] <   '(bigint[],"{0,2,1}")             '::numeric[]
ok 194 - '(bigint[],"{0,1,1}")          '::numeric[] <=  '(bigint[],"{0,2,1}")             '::numeric[]
ok 195 - '(bigint[],"{0,1,1}")          '::numeric[]  =  '(bigint[],"{0,2,1}")             '::numeric[]
ok 196 - '(bigint[],"{0,1,1}")          '::numeric[]  >= '(bigint[],"{0,2,1}")             '::numeric[]
ok 197 - '(bigint[],"{0,1,1}")          '::numeric[]   > '(bigint[],"{0,2,1}")             '::numeric[]
ok 198 - '(bigint[],"{0,1,1}")          '::numeric[] !=  '(bigint[],"{0,2,1}")             '::numeric[]
ok 199 - '(double precision[],"{0,1,1}")'::numeric[] <   '(double precision[],"{0,2,1}")   '::numeric[]
ok 200 - '(double precision[],"{0,1,1}")'::numeric[] <=  '(double precision[],"{0,2,1}")   '::numeric[]
ok 201 - '(double precision[],"{0,1,1}")'::numeric[]  =  '(double precision[],"{0,2,1}")   '::numeric[]
ok 202 - '(double precision[],"{0,1,1}")'::numeric[]  >= '(double precision[],"{0,2,1}")   '::numeric[]
ok 203 - '(double precision[],"{0,1,1}")'::numeric[]   > '(double precision[],"{0,2,1}")   '::numeric[]
ok 204 - '(double precision[],"{0,1,1}")'::numeric[] !=  '(double precision[],"{0,2,1}")   '::numeric[]
ok 205 - '(real[],"{0,1,1}")            '::numeric[] <   '(real[],"{0,2,1}")               '::numeric[]
ok 206 - '(real[],"{0,1,1}")            '::numeric[] <=  '(real[],"{0,2,1}")               '::numeric[]
ok 207 - '(real[],"{0,1,1}")            '::numeric[]  =  '(real[],"{0,2,1}")               '::numeric[]
ok 208 - '(real[],"{0,1,1}")            '::numeric[]  >= '(real[],"{0,2,1}")               '::numeric[]
ok 209 - '(real[],"{0,1,1}")            '::numeric[]   > '(real[],"{0,2,1}")               '::numeric[]
ok 210 - '(real[],"{0,1,1}")            '::numeric[] !=  '(real[],"{0,2,1}")               '::numeric[]
ok 211 - '(numeric[],"{0,1,1}")         '::numeric[] <   '(numeric[],"{0,2,1}")            '::numeric[]
ok 212 - '(numeric[],"{0,1,1}")         '::numeric[] <=  '(numeric[],"{0,2,1}")            '::numeric[]
ok 213 - '(numeric[],"{0,1,1}")         '::numeric[]  =  '(numeric[],"{0,2,1}")            '::numeric[]
ok 214 - '(numeric[],"{0,1,1}")         '::numeric[]  >= '(numeric[],"{0,2,1}")            '::numeric[]
ok 215 - '(numeric[],"{0,1,1}")         '::numeric[]   > '(numeric[],"{0,2,1}")            '::numeric[]
ok 216 - '(numeric[],"{0,1,1}")         '::numeric[] !=  '(numeric[],"{0,2,1}")            '::numeric[]
ok 217 - '(smallint[],"{0,1,1}")        '::numeric[] <   '(smallint[],"{NULL,1,1}")        '::numeric[]
ok 218 - '(smallint[],"{0,1,1}")        '::numeric[] <=  '(smallint[],"{NULL,1,1}")        '::numeric[]
ok 219 - '(smallint[],"{0,1,1}")        '::numeric[]  =  '(smallint[],"{NULL,1,1}")        '::numeric[]
ok 220 - '(smallint[],"{0,1,1}")        '::numeric[]  >= '(smallint[],"{NULL,1,1}")        '::numeric[]
ok 221 - '(smallint[],"{0,1,1}")        '::numeric[]   > '(smallint[],"{NULL,1,1}")        '::numeric[]
ok 222 - '(smallint[],"{0,1,1}")        '::numeric[] !=  '(smallint[],"{NULL,1,1}")        '::numeric[]
ok 223 - '(integer[],"{0,1,1}")         '::numeric[] <   '(integer[],"{NULL,1,1}")         '::numeric[]
ok 224 - '(integer[],"{0,1,1}")         '::numeric[] <=  '(integer[],"{NULL,1,1}")         '::numeric[]
ok 225 - '(integer[],"{0,1,1}")         '::numeric[]  =  '(integer[],"{NULL,1,1}")         '::numeric[]
ok 226 - '(integer[],"{0,1,1}")         '::numeric[]  >= '(integer[],"{NULL,1,1}")         '::numeric[]
ok 227 - '(integer[],"{0,1,1}")         '::numeric[]   > '(integer[],"{NULL,1,1}")         '::numeric[]
ok 228 - '(integer[],"{0,1,1}")         '::numeric[] !=  '(integer[],"{NULL,1,1}")         '::numeric[]
ok 229 - '(bigint[],"{0,1,1}")          '::numeric[] <   '(bigint[],"{NULL,1,1}")          '::numeric[]
ok 230 - '(bigint[],"{0,1,1}")          '::numeric[] <=  '(bigint[],"{NULL,1,1}")          '::numeric[]
ok 231 - '(bigint[],"{0,1,1}")          '::numeric[]  =  '(bigint[],"{NULL,1,1}")          '::numeric[]
ok 232 - '(bigint[],"{0,1,1}")          '::numeric[]  >= '(bigint[],"{NULL,1,1}")          '::numeric[]
ok 233 - '(bigint[],"{0,1,1}")          '::numeric[]   > '(bigint[],"{NULL,1,1}")          '::numeric[]
ok 234 - '(bigint[],"{0,1,1}")          '::numeric[] !=  '(bigint[],"{NULL,1,1}")          '::numeric[]
ok 235 - '(double precision[],"{0,1,1}")'::numeric[] <   '(double precision[],"{NULL,1,1}")'::numeric[]
ok 236 - '(double precision[],"{0,1,1}")'::numeric[] <=  '(double precision[],"{NULL,1,1}")'::numeric[]
ok 237 - '(double precision[],"{0,1,1}")'::numeric[]  =  '(double precision[],"{NULL,1,1}")'::numeric[]
ok 238 - '(double precision[],"{0,1,1}")'::numeric[]  >= '(double precision[],"{NULL,1,1}")'::numeric[]
ok 239 - '(double precision[],"{0,1,1}")'::numeric[]   > '(double precision[],"{NULL,1,1}")'::numeric[]
ok 240 - '(double precision[],"{0,1,1}")'::numeric[] !=  '(double precision[],"{NULL,1,1}")'::numeric[]
ok 241 - '(real[],"{0,1,1}")            '::numeric[] <   '(real[],"{NULL,1,1}")            '::numeric[]
ok 242 - '(real[],"{0,1,1}")            '::numeric[] <=  '(real[],"{NULL,1,1}")            '::numeric[]
ok 243 - '(real[],"{0,1,1}")            '::numeric[]  =  '(real[],"{NULL,1,1}")            '::numeric[]
ok 244 - '(real[],"{0,1,1}")            '::numeric[]  >= '(real[],"{NULL,1,1}")            '::numeric[]
ok 245 - '(real[],"{0,1,1}")            '::numeric[]   > '(real[],"{NULL,1,1}")            '::numeric[]
ok 246 - '(real[],"{0,1,1}")            '::numeric[] !=  '(real[],"{NULL,1,1}")            '::numeric[]
ok 247 - '(numeric[],"{0,1,1}")         '::numeric[] <   '(numeric[],"{NULL,1,1}")         '::numeric[]
ok 248 - '(numeric[],"{0,1,1}")         '::numeric[] <=  '(numeric[],"{NULL,1,1}")         '::numeric[]
ok 249 - '(numeric[],"{0,1,1}")         '::numeric[]  =  '(numeric[],"{NULL,1,1}")         '::numeric[]
ok 250 - '(numeric[],"{0,1,1}")         '::numeric[]  >= '(numeric[],"{NULL,1,1}")         '::numeric[]
ok 251 - '(numeric[],"{0,1,1}")         '::numeric[]   > '(numeric[],"{NULL,1,1}")         '::numeric[]
ok 252 - '(numeric[],"{0,1,1}")         '::numeric[] !=  '(numeric[],"{NULL,1,1}")         '::numeric[]
ok 253 - '(smallint[],"{0,1,1}")        '::numeric[] <   '(smallint[],"{0,NULL,1}")        '::numeric[]
ok 254 - '(smallint[],"{0,1,1}")        '::numeric[] <=  '(smallint[],"{0,NULL,1}")        '::numeric[]
ok 255 - '(smallint[],"{0,1,1}")        '::numeric[]  =  '(smallint[],"{0,NULL,1}")        '::numeric[]
ok 256 - '(smallint[],"{0,1,1}")        '::numeric[]  >= '(smallint[],"{0,NULL,1}")        '::numeric[]
ok 257 - '(smallint[],"{0,1,1}")        '::numeric[]   > '(smallint[],"{0,NULL,1}")        '::numeric[]
ok 258 - '(smallint[],"{0,1,1}")        '::numeric[] !=  '(smallint[],"{0,NULL,1}")        '::numeric[]
ok 259 - '(integer[],"{0,1,1}")         '::numeric[] <   '(integer[],"{0,NULL,1}")         '::numeric[]
ok 260 - '(integer[],"{0,1,1}")         '::numeric[] <=  '(integer[],"{0,NULL,1}")         '::numeric[]
ok 261 - '(integer[],"{0,1,1}")         '::numeric[]  =  '(integer[],"{0,NULL,1}")         '::numeric[]
ok 262 - '(integer[],"{0,1,1}")         '::numeric[]  >= '(integer[],"{0,NULL,1}")         '::numeric[]
ok 263 - '(integer[],"{0,1,1}")         '::numeric[]   > '(integer[],"{0,NULL,1}")         '::numeric[]
ok 264 - '(integer[],"{0,1,1}")         '::numeric[] !=  '(integer[],"{0,NULL,1}")         '::numeric[]
ok 265 - '(bigint[],"{0,1,1}")          '::numeric[] <   '(bigint[],"{0,NULL,1}")          '::numeric[]
ok 266 - '(bigint[],"{0,1,1}")          '::numeric[] <=  '(bigint[],"{0,NULL,1}")          '::numeric[]
ok 267 - '(bigint[],"{0,1,1}")          '::numeric[]  =  '(bigint[],"{0,NULL,1}")          '::numeric[]
ok 268 - '(bigint[],"{0,1,1}")          '::numeric[]  >= '(bigint[],"{0,NULL,1}")          '::numeric[]
ok 269 - '(bigint[],"{0,1,1}")          '::numeric[]   > '(bigint[],"{0,NULL,1}")          '::numeric[]
ok 270 - '(bigint[],"{0,1,1}")          '::numeric[] !=  '(bigint[],"{0,NULL,1}")          '::numeric[]
ok 271 - '(double precision[],"{0,1,1}")'::numeric[] <   '(double precision[],"{0,NULL,1}")'::numeric[]
ok 272 - '(double precision[],"{0,1,1}")'::numeric[] <=  '(double precision[],"{0,NULL,1}")'::numeric[]
ok 273 - '(double precision[],"{0,1,1}")'::numeric[]  =  '(double precision[],"{0,NULL,1}")'::numeric[]
ok 274 - '(double precision[],"{0,1,1}")'::numeric[]  >= '(double precision[],"{0,NULL,1}")'::numeric[]
ok 275 - '(double precision[],"{0,1,1}")'::numeric[]   > '(double precision[],"{0,NULL,1}")'::numeric[]
ok 276 - '(double precision[],"{0,1,1}")'::numeric[] !=  '(double precision[],"{0,NULL,1}")'::numeric[]
ok 277 - '(real[],"{0,1,1}")            '::numeric[] <   '(real[],"{0,NULL,1}")            '::numeric[]
ok 278 - '(real[],"{0,1,1}")            '::numeric[] <=  '(real[],"{0,NULL,1}")            '::numeric[]
ok 279 - '(real[],"{0,1,1}")            '::numeric[]  =  '(real[],"{0,NULL,1}")            '::numeric[]
ok 280 - '(real[],"{0,1,1}")            '::numeric[]  >= '(real[],"{0,NULL,1}")            '::numeric[]
ok 281 - '(real[],"{0,1,1}")            '::numeric[]   > '(real[],"{0,NULL,1}")            '::numeric[]
ok 282 - '(real[],"{0,1,1}")            '::numeric[] !=  '(real[],"{0,NULL,1}")            '::numeric[]
ok 283 - '(numeric[],"{0,1,1}")         '::numeric[] <   '(numeric[],"{0,NULL,1}")         '::numeric[]
ok 284 - '(numeric[],"{0,1,1}")         '::numeric[] <=  '(numeric[],"{0,NULL,1}")         '::numeric[]
ok 285 - '(numeric[],"{0,1,1}")         '::numeric[]  =  '(numeric[],"{0,NULL,1}")         '::numeric[]
ok 286 - '(numeric[],"{0,1,1}")         '::numeric[]  >= '(numeric[],"{0,NULL,1}")         '::numeric[]
ok 287 - '(numeric[],"{0,1,1}")         '::numeric[]   > '(numeric[],"{0,NULL,1}")         '::numeric[]
ok 288 - '(numeric[],"{0,1,1}")         '::numeric[] !=  '(numeric[],"{0,NULL,1}")         '::numeric[]
ok 289 - '(smallint[],"{0,1,1}")        '::numeric[] <   '(smallint[],"{0,1,NULL}")        '::numeric[]
ok 290 - '(smallint[],"{0,1,1}")        '::numeric[] <=  '(smallint[],"{0,1,NULL}")        '::numeric[]
ok 291 - '(smallint[],"{0,1,1}")        '::numeric[]  =  '(smallint[],"{0,1,NULL}")        '::numeric[]
ok 292 - '(smallint[],"{0,1,1}")        '::numeric[]  >= '(smallint[],"{0,1,NULL}")        '::numeric[]
ok 293 - '(smallint[],"{0,1,1}")        '::numeric[]   > '(smallint[],"{0,1,NULL}")        '::numeric[]
ok 294 - '(smallint[],"{0,1,1}")        '::numeric[] !=  '(smallint[],"{0,1,NULL}")        '::numeric[]
ok 295 - '(integer[],"{0,1,1}")         '::numeric[] <   '(integer[],"{0,1,NULL}")         '::numeric[]
ok 296 - '(integer[],"{0,1,1}")         '::numeric[] <=  '(integer[],"{0,1,NULL}")         '::numeric[]
ok 297 - '(integer[],"{0,1,1}")         '::numeric[]  =  '(integer[],"{0,1,NULL}")         '::numeric[]
ok 298 - '(integer[],"{0,1,1}")         '::numeric[]  >= '(integer[],"{0,1,NULL}")         '::numeric[]
ok 299 - '(integer[],"{0,1,1}")         '::numeric[]   > '(integer[],"{0,1,NULL}")         '::numeric[]
ok 300 - '(integer[],"{0,1,1}")         '::numeric[] !=  '(integer[],"{0,1,NULL}")         '::numeric[]
ok 301 - '(bigint[],"{0,1,1}")          '::numeric[] <   '(bigint[],"{0,1,NULL}")          '::numeric[]
ok 302 - '(bigint[],"{0,1,1}")          '::numeric[] <=  '(bigint[],"{0,1,NULL}")          '::numeric[]
ok 303 - '(bigint[],"{0,1,1}")          '::numeric[]  =  '(bigint[],"{0,1,NULL}")          '::numeric[]
ok 304 - '(bigint[],"{0,1,1}")          '::numeric[]  >= '(bigint[],"{0,1,NULL}")          '::numeric[]
ok 305 - '(bigint[],"{0,1,1}")          '::numeric[]   > '(bigint[],"{0,1,NULL}")          '::numeric[]
ok 306 - '(bigint[],"{0,1,1}")          '::numeric[] !=  '(bigint[],"{0,1,NULL}")          '::numeric[]
ok 307 - '(double precision[],"{0,1,1}")'::numeric[] <   '(double precision[],"{0,1,NULL}")'::numeric[]
ok 308 - '(double precision[],"{0,1,1}")'::numeric[] <=  '(double precision[],"{0,1,NULL}")'::numeric[]
ok 309 - '(double precision[],"{0,1,1}")'::numeric[]  =  '(double precision[],"{0,1,NULL}")'::numeric[]
ok 310 - '(double precision[],"{0,1,1}")'::numeric[]  >= '(double precision[],"{0,1,NULL}")'::numeric[]
ok 311 - '(double precision[],"{0,1,1}")'::numeric[]   > '(double precision[],"{0,1,NULL}")'::numeric[]
ok 312 - '(double precision[],"{0,1,1}")'::numeric[] !=  '(double precision[],"{0,1,NULL}")'::numeric[]
ok 313 - '(real[],"{0,1,1}")            '::numeric[] <   '(real[],"{0,1,NULL}")            '::numeric[]
ok 314 - '(real[],"{0,1,1}")            '::numeric[] <=  '(real[],"{0,1,NULL}")            '::numeric[]
ok 315 - '(real[],"{0,1,1}")            '::numeric[]  =  '(real[],"{0,1,NULL}")            '::numeric[]
ok 316 - '(real[],"{0,1,1}")            '::numeric[]  >= '(real[],"{0,1,NULL}")            '::numeric[]
ok 317 - '(real[],"{0,1,1}")            '::numeric[]   > '(real[],"{0,1,NULL}")            '::numeric[]
ok 318 - '(real[],"{0,1,1}")            '::numeric[] !=  '(real[],"{0,1,NULL}")            '::numeric[]
ok 319 - '(numeric[],"{0,1,1}")         '::numeric[] <   '(numeric[],"{0,1,NULL}")         '::numeric[]
ok 320 - '(numeric[],"{0,1,1}")         '::numeric[] <=  '(numeric[],"{0,1,NULL}")         '::numeric[]
ok 321 - '(numeric[],"{0,1,1}")         '::numeric[]  =  '(numeric[],"{0,1,NULL}")         '::numeric[]
ok 322 - '(numeric[],"{0,1,1}")         '::numeric[]  >= '(numeric[],"{0,1,NULL}")         '::numeric[]
ok 323 - '(numeric[],"{0,1,1}")         '::numeric[]   > '(numeric[],"{0,1,NULL}")         '::numeric[]
ok 324 - '(numeric[],"{0,1,1}")         '::numeric[] !=  '(numeric[],"{0,1,NULL}")         '::numeric[]
ok 325 - '(smallint[],"{0,1,1}")        '::numeric[] <   '(smallint[],)                    '::numeric[]
ok 326 - '(smallint[],"{0,1,1}")        '::numeric[] <=  '(smallint[],)                    '::numeric[]
ok 327 - '(smallint[],"{0,1,1}")        '::numeric[]  =  '(smallint[],)                    '::numeric[]
ok 328 - '(smallint[],"{0,1,1}")        '::numeric[]  >= '(smallint[],)                    '::numeric[]
ok 329 - '(smallint[],"{0,1,1}")        '::numeric[]   > '(smallint[],)                    '::numeric[]
ok 330 - '(smallint[],"{0,1,1}")        '::numeric[] !=  '(smallint[],)                    '::numeric[]
ok 331 - '(integer[],"{0,1,1}")         '::numeric[] <   '(integer[],)                     '::numeric[]
ok 332 - '(integer[],"{0,1,1}")         '::numeric[] <=  '(integer[],)                     '::numeric[]
ok 333 - '(integer[],"{0,1,1}")         '::numeric[]  =  '(integer[],)                     '::numeric[]
ok 334 - '(integer[],"{0,1,1}")         '::numeric[]  >= '(integer[],)                     '::numeric[]
ok 335 - '(integer[],"{0,1,1}")         '::numeric[]   > '(integer[],)                     '::numeric[]
ok 336 - '(integer[],"{0,1,1}")         '::numeric[] !=  '(integer[],)                     '::numeric[]
ok 337 - '(bigint[],"{0,1,1}")          '::numeric[] <   '(bigint[],)                      '::numeric[]
ok 338 - '(bigint[],"{0,1,1}")          '::numeric[] <=  '(bigint[],)                      '::numeric[]
ok 339 - '(bigint[],"{0,1,1}")          '::numeric[]  =  '(bigint[],)                      '::numeric[]
ok 340 - '(bigint[],"{0,1,1}")          '::numeric[]  >= '(bigint[],)                      '::numeric[]
ok 341 - '(bigint[],"{0,1,1}")          '::numeric[]   > '(bigint[],)                      '::numeric[]
ok 342 - '(bigint[],"{0,1,1}")          '::numeric[] !=  '(bigint[],)                      '::numeric[]
ok 343 - '(double precision[],"{0,1,1}")'::numeric[] <   '(double precision[],)            '::numeric[]
ok 344 - '(double precision[],"{0,1,1}")'::numeric[] <=  '(double precision[],)            '::numeric[]
ok 345 - '(double precision[],"{0,1,1}")'::numeric[]  =  '(double precision[],)            '::numeric[]
ok 346 - '(double precision[],"{0,1,1}")'::numeric[]  >= '(double precision[],)            '::numeric[]
ok 347 - '(double precision[],"{0,1,1}")'::numeric[]   > '(double precision[],)            '::numeric[]
ok 348 - '(double precision[],"{0,1,1}")'::numeric[] !=  '(double precision[],)            '::numeric[]
ok 349 - '(real[],"{0,1,1}")            '::numeric[] <   '(real[],)                        '::numeric[]
ok 350 - '(real[],"{0,1,1}")            '::numeric[] <=  '(real[],)                        '::numeric[]
ok 351 - '(real[],"{0,1,1}")            '::numeric[]  =  '(real[],)                        '::numeric[]
ok 352 - '(real[],"{0,1,1}")            '::numeric[]  >= '(real[],)                        '::numeric[]
ok 353 - '(real[],"{0,1,1}")            '::numeric[]   > '(real[],)                        '::numeric[]
ok 354 - '(real[],"{0,1,1}")            '::numeric[] !=  '(real[],)                        '::numeric[]
ok 355 - '(numeric[],"{0,1,1}")         '::numeric[] <   '(numeric[],)                     '::numeric[]
ok 356 - '(numeric[],"{0,1,1}")         '::numeric[] <=  '(numeric[],)                     '::numeric[]
ok 357 - '(numeric[],"{0,1,1}")         '::numeric[]  =  '(numeric[],)                     '::numeric[]
ok 358 - '(numeric[],"{0,1,1}")         '::numeric[]  >= '(numeric[],)                     '::numeric[]
ok 359 - '(numeric[],"{0,1,1}")         '::numeric[]   > '(numeric[],)                     '::numeric[]
ok 360 - '(numeric[],"{0,1,1}")         '::numeric[] !=  '(numeric[],)                     '::numeric[]
ok 361 - NULL::text <   NULL::text
ok 362 - NULL::text <=  NULL::text
ok 363 - NULL::text  =  NULL::text
ok 364 - NULL::text  >= NULL::text
ok 365 - NULL::text   > NULL::text
ok 366 - NULL::text !=  NULL::text
ok 367 - '(text,A)'::text <   '(text,x)'::text
ok 368 - '(text,A)'::text <=  '(text,x)'::text
ok 369 - '(text,A)'::text  =  '(text,x)'::text
ok 370 - '(text,A)'::text  >= '(text,x)'::text
ok 371 - '(text,A)'::text   > '(text,x)'::text
ok 372 - '(text,A)'::text !=  '(text,x)'::text
ok 373 - '(text,x)'::text <   '(text,x)'::text
ok 374 - '(text,x)'::text <=  '(text,x)'::text
ok 375 - '(text,x)'::text  =  '(text,x)'::text
ok 376 - '(text,x)'::text  >= '(text,x)'::text
ok 377 - '(text,x)'::text   > '(text,x)'::text
ok 378 - '(text,x)'::text !=  '(text,x)'::text
ok 379 - '(text,y)'::text <   '(text,x)'::text
ok 380 - '(text,y)'::text <=  '(text,x)'::text
ok 381 - '(text,y)'::text  =  '(text,x)'::text
ok 382 - '(text,y)'::text  >= '(text,x)'::text
ok 383 - '(text,y)'::text   > '(text,x)'::text
ok 384 - '(text,y)'::text !=  '(text,x)'::text
ok 385 - '(text,) '::text <   '(text,x)'::text
ok 386 - '(text,) '::text <=  '(text,x)'::text
ok 387 - '(text,) '::text  =  '(text,x)'::text
ok 388 - '(text,) '::text  >= '(text,x)'::text
ok 389 - '(text,) '::text   > '(text,x)'::text
ok 390 - '(text,) '::text !=  '(text,x)'::text
ok 391 - '(text,) '::text <   '(text,x)'::text
ok 392 - '(text,) '::text <=  '(text,x)'::text
ok 393 - '(text,) '::text  =  '(text,x)'::text
ok 394 - '(text,) '::text  >= '(text,x)'::text
ok 395 - '(text,) '::text   > '(text,x)'::text
ok 396 - '(text,) '::text !=  '(text,x)'::text
ok 397 - '(text,) '::text <   '(text,x)'::text
ok 398 - '(text,) '::text <=  '(text,x)'::text
ok 399 - '(text,) '::text  =  '(text,x)'::text
ok 400 - '(text,) '::text  >= '(text,x)'::text
ok 401 - '(text,) '::text   > '(text,x)'::text
ok 402 - '(text,) '::text !=  '(text,x)'::text
ok 403 - '(text,A)'::text <   '(text,) '::text
ok 404 - '(text,A)'::text <=  '(text,) '::text
ok 405 - '(text,A)'::text  =  '(text,) '::text
ok 406 - '(text,A)'::text  >= '(text,) '::text
ok 407 - '(text,A)'::text   > '(text,) '::text
ok 408 - '(text,A)'::text !=  '(text,) '::text
ok 409 - '(text,x)'::text <   '(text,) '::text
ok 410 - '(text,x)'::text <=  '(text,) '::text
ok 411 - '(text,x)'::text  =  '(text,) '::text
ok 412 - '(text,x)'::text  >= '(text,) '::text
ok 413 - '(text,x)'::text   > '(text,) '::text
ok 414 - '(text,x)'::text !=  '(text,) '::text
ok 415 - '(text,y)'::text <   '(text,) '::text
ok 416 - '(text,y)'::text <=  '(text,) '::text
ok 417 - '(text,y)'::text  =  '(text,) '::text
ok 418 - '(text,y)'::text  >= '(text,) '::text
ok 419 - '(text,y)'::text   > '(text,) '::text
ok 420 - '(text,y)'::text !=  '(text,) '::text
ok 421 - NULL::box <   NULL::box
ok 422 - NULL::box <=  NULL::box
ok 423 - NULL::box  =  NULL::box
ok 424 - NULL::box  >= NULL::box
ok 425 - NULL::box   > NULL::box
ok 426 - '(box,"(0.5,0.5),(0,0)")'::box <   '(box,"(1,1),(0,0)")'::box
ok 427 - '(box,"(0.5,0.5),(0,0)")'::box <=  '(box,"(1,1),(0,0)")'::box
ok 428 - '(box,"(0.5,0.5),(0,0)")'::box  =  '(box,"(1,1),(0,0)")'::box
ok 429 - '(box,"(0.5,0.5),(0,0)")'::box  >= '(box,"(1,1),(0,0)")'::box
ok 430 - '(box,"(0.5,0.5),(0,0)")'::box   > '(box,"(1,1),(0,0)")'::box
ok 431 - '(box,"(1,1),(0,0)")    '::box <   '(box,"(1,1),(0,0)")'::box
ok 432 - '(box,"(1,1),(0,0)")    '::box <=  '(box,"(1,1),(0,0)")'::box
ok 433 - '(box,"(1,1),(0,0)")    '::box  =  '(box,"(1,1),(0,0)")'::box
ok 434 - '(box,"(1,1),(0,0)")    '::box  >= '(box,"(1,1),(0,0)")'::box
ok 435 - '(box,"(1,1),(0,0)")    '::box   > '(box,"(1,1),(0,0)")'::box
ok 436 - '(box,"(1,1),(-1,-1)")  '::box <   '(box,"(1,1),(0,0)")'::box
ok 437 - '(box,"(1,1),(-1,-1)")  '::box <=  '(box,"(1,1),(0,0)")'::box
ok 438 - '(box,"(1,1),(-1,-1)")  '::box  =  '(box,"(1,1),(0,0)")'::box
ok 439 - '(box,"(1,1),(-1,-1)")  '::box  >= '(box,"(1,1),(0,0)")'::box
ok 440 - '(box,"(1,1),(-1,-1)")  '::box   > '(box,"(1,1),(0,0)")'::box
